semver-check: FR144 Bitloom 1.0 surface gate (cargo-semver-checks)
semver-check: policy=docs/semver-1-0-policy.md surface=docs/public-api-1-0-surface.md
semver-check: release-type=minor (tool=cargo-semver-checks)
semver-check: cargo-semver-checks 0.50.0
semver-check: checking -p bitloom-prelude --release-type minor
    Building bitloom-prelude v1.1.1 (current)
       Built [   0.839s] (current)
     Parsing bitloom-prelude v1.1.1 (current)
      Parsed [   0.016s] (current)
     Parsing bitloom-prelude v1.1.1 (baseline, cached)
      Parsed [   0.015s] (baseline)
    Checking bitloom-prelude v1.1.1 -> v1.1.1 (assume minor change)
     Checked [   0.022s] 196 checks: 196 pass, 58 skip
     Summary no semver update required
    Finished [   3.799s] bitloom-prelude
semver-check: checking -p bitloom-sim --release-type minor
    Building bitloom-sim v1.1.6 (current)
       Built [   1.134s] (current)
     Parsing bitloom-sim v1.1.6 (current)
      Parsed [   0.019s] (current)
     Parsing bitloom-sim v1.1.6 (baseline, cached)
      Parsed [   0.017s] (baseline)
    Checking bitloom-sim v1.1.6 -> v1.1.6 (assume minor change)
     Checked [   0.031s] 196 checks: 196 pass, 58 skip
     Summary no semver update required
    Finished [   4.836s] bitloom-sim
semver-check: checking -p bitloom-firrtl --release-type minor
    Building bitloom-firrtl v1.1.1 (current)
       Built [   0.935s] (current)
     Parsing bitloom-firrtl v1.1.1 (current)
      Parsed [   0.006s] (current)
     Parsing bitloom-firrtl v1.1.1 (baseline, cached)
      Parsed [   0.007s] (baseline)
    Checking bitloom-firrtl v1.1.1 -> v1.1.1 (assume minor change)
     Checked [   0.016s] 196 checks: 196 pass, 58 skip
     Summary no semver update required
    Finished [   2.228s] bitloom-firrtl
semver-check: OK (FR144)
